// Jest Snapshot v1, https://goo.gl/fbAQLP

exports[`App Component renders correctly 1`] = `
"<styled.div>
  <styled.div>
    <ShoppingCart shoppingCart={{...}} updateQuantity={[Function: updateQuantity]} />
    <OrderSummary shoppingCart={{...}} orderBreakdown={{...}} getPromoCodes={[Function: getPromoCodes]} userCode=\\"\\" isCodeValid={{...}} applyPromoCode={[Function: applyPromoCode]} />
  </styled.div>
</styled.div>"
`;
